src/app/admin/orders/page.tsx(4,89): error TS2307: Cannot find module '@/lib/database' or its corresponding type declarations.
src/app/admin/orders/page.tsx(5,33): error TS2307: Cannot find module '@/types' or its corresponding type declarations.
src/app/admin/orders/page.tsx(6,20): error TS2307: Cannot find module '@/lib/firebase' or its corresponding type declarations.
src/app/admin/orders/page.tsx(8,26): error TS2307: Cannot find module '@/components/OrderSidebar' or its corresponding type declarations.
src/app/admin/orders/page.tsx(9,40): error TS2307: Cannot find module '@/components/WhatsAppUtils' or its corresponding type declarations.
src/app/admin/orders/page.tsx(473,7): error TS17004: Cannot use JSX unless the '--jsx' flag is provided.
src/app/admin/orders/page.tsx(474,9): error TS17004: Cannot use JSX unless the '--jsx' flag is provided.
src/app/admin/orders/page.tsx(480,5): error TS17004: Cannot use JSX unless the '--jsx' flag is provided.
src/app/admin/orders/page.tsx(481,7): error TS17004: Cannot use JSX unless the '--jsx' flag is provided.
src/app/admin/orders/page.tsx(482,9): error TS17004: Cannot use JSX unless the '--jsx' flag is provided.
src/app/admin/orders/page.tsx(483,11): error TS17004: Cannot use JSX unless the '--jsx' flag is provided.
src/app/admin/orders/page.tsx(484,11): error TS17004: Cannot use JSX unless the '--jsx' flag is provided.
src/app/admin/orders/page.tsx(485,13): error TS17004: Cannot use JSX unless the '--jsx' flag is provided.
src/app/admin/orders/page.tsx(488,13): error TS17004: Cannot use JSX unless the '--jsx' flag is provided.
src/app/admin/orders/page.tsx(491,9): error TS17004: Cannot use JSX unless the '--jsx' flag is provided.
src/app/admin/orders/page.tsx(492,11): error TS17004: Cannot use JSX unless the '--jsx' flag is provided.
src/app/admin/orders/page.tsx(500,13): error TS17004: Cannot use JSX unless the '--jsx' flag is provided.
src/app/admin/orders/page.tsx(502,11): error TS17004: Cannot use JSX unless the '--jsx' flag is provided.
src/app/admin/orders/page.tsx(506,13): error TS17004: Cannot use JSX unless the '--jsx' flag is provided.
src/app/admin/orders/page.tsx(507,13): error TS17004: Cannot use JSX unless the '--jsx' flag is provided.
src/app/admin/orders/page.tsx(513,7): error TS17004: Cannot use JSX unless the '--jsx' flag is provided.
src/app/admin/orders/page.tsx(516,11): error TS17004: Cannot use JSX unless the '--jsx' flag is provided.
src/app/admin/orders/page.tsx(517,13): error TS17004: Cannot use JSX unless the '--jsx' flag is provided.
src/app/admin/orders/page.tsx(518,15): error TS17004: Cannot use JSX unless the '--jsx' flag is provided.
src/app/admin/orders/page.tsx(526,15): error TS17004: Cannot use JSX unless the '--jsx' flag is provided.
src/app/admin/orders/page.tsx(532,9): error TS17004: Cannot use JSX unless the '--jsx' flag is provided.
src/app/admin/orders/page.tsx(533,11): error TS17004: Cannot use JSX unless the '--jsx' flag is provided.
src/app/admin/orders/page.tsx(534,13): error TS17004: Cannot use JSX unless the '--jsx' flag is provided.
src/app/admin/orders/page.tsx(535,15): error TS17004: Cannot use JSX unless the '--jsx' flag is provided.
src/app/admin/orders/page.tsx(540,17): error TS17004: Cannot use JSX unless the '--jsx' flag is provided.
src/app/admin/orders/page.tsx(541,17): error TS17004: Cannot use JSX unless the '--jsx' flag is provided.
src/app/admin/orders/page.tsx(542,17): error TS17004: Cannot use JSX unless the '--jsx' flag is provided.
src/app/admin/orders/page.tsx(543,17): error TS17004: Cannot use JSX unless the '--jsx' flag is provided.
src/app/admin/orders/page.tsx(544,17): error TS17004: Cannot use JSX unless the '--jsx' flag is provided.
src/app/admin/orders/page.tsx(545,17): error TS17004: Cannot use JSX unless the '--jsx' flag is provided.
src/app/admin/orders/page.tsx(546,17): error TS17004: Cannot use JSX unless the '--jsx' flag is provided.
src/app/admin/orders/page.tsx(548,15): error TS17004: Cannot use JSX unless the '--jsx' flag is provided.
src/app/admin/orders/page.tsx(549,15): error TS17004: Cannot use JSX unless the '--jsx' flag is provided.
src/app/admin/orders/page.tsx(552,13): error TS17004: Cannot use JSX unless the '--jsx' flag is provided.
src/app/admin/orders/page.tsx(553,15): error TS17004: Cannot use JSX unless the '--jsx' flag is provided.
src/app/admin/orders/page.tsx(558,17): error TS17004: Cannot use JSX unless the '--jsx' flag is provided.
src/app/admin/orders/page.tsx(560,19): error TS17004: Cannot use JSX unless the '--jsx' flag is provided.
src/app/admin/orders/page.tsx(565,15): error TS17004: Cannot use JSX unless the '--jsx' flag is provided.
src/app/admin/orders/page.tsx(566,15): error TS17004: Cannot use JSX unless the '--jsx' flag is provided.
src/app/admin/orders/page.tsx(569,13): error TS17004: Cannot use JSX unless the '--jsx' flag is provided.
src/app/admin/orders/page.tsx(570,15): error TS17004: Cannot use JSX unless the '--jsx' flag is provided.
src/app/admin/orders/page.tsx(575,17): error TS17004: Cannot use JSX unless the '--jsx' flag is provided.
src/app/admin/orders/page.tsx(576,17): error TS17004: Cannot use JSX unless the '--jsx' flag is provided.
src/app/admin/orders/page.tsx(577,17): error TS17004: Cannot use JSX unless the '--jsx' flag is provided.
src/app/admin/orders/page.tsx(579,15): error TS17004: Cannot use JSX unless the '--jsx' flag is provided.
src/app/admin/orders/page.tsx(580,15): error TS17004: Cannot use JSX unless the '--jsx' flag is provided.
src/app/admin/orders/page.tsx(588,7): error TS17004: Cannot use JSX unless the '--jsx' flag is provided.
src/app/admin/orders/page.tsx(606,13): error TS17004: Cannot use JSX unless the '--jsx' flag is provided.
src/app/admin/orders/page.tsx(618,15): error TS17004: Cannot use JSX unless the '--jsx' flag is provided.
src/app/admin/orders/page.tsx(619,17): error TS17004: Cannot use JSX unless the '--jsx' flag is provided.
src/app/admin/orders/page.tsx(620,19): error TS17004: Cannot use JSX unless the '--jsx' flag is provided.
src/app/admin/orders/page.tsx(631,21): error TS17004: Cannot use JSX unless the '--jsx' flag is provided.
src/app/admin/orders/page.tsx(634,19): error TS17004: Cannot use JSX unless the '--jsx' flag is provided.
src/app/admin/orders/page.tsx(642,21): error TS17004: Cannot use JSX unless the '--jsx' flag is provided.
src/app/admin/orders/page.tsx(645,17): error TS17004: Cannot use JSX unless the '--jsx' flag is provided.
src/app/admin/orders/page.tsx(647,21): error TS17004: Cannot use JSX unless the '--jsx' flag is provided.
src/app/admin/orders/page.tsx(651,21): error TS17004: Cannot use JSX unless the '--jsx' flag is provided.
src/app/admin/orders/page.tsx(655,19): error TS17004: Cannot use JSX unless the '--jsx' flag is provided.
src/app/admin/orders/page.tsx(661,15): error TS17004: Cannot use JSX unless the '--jsx' flag is provided.
src/app/admin/orders/page.tsx(663,17): error TS17004: Cannot use JSX unless the '--jsx' flag is provided.
src/app/admin/orders/page.tsx(664,19): error TS17004: Cannot use JSX unless the '--jsx' flag is provided.
src/app/admin/orders/page.tsx(666,23): error TS17004: Cannot use JSX unless the '--jsx' flag is provided.
src/app/admin/orders/page.tsx(668,23): error TS17004: Cannot use JSX unless the '--jsx' flag is provided.
src/app/admin/orders/page.tsx(669,25): error TS17004: Cannot use JSX unless the '--jsx' flag is provided.
src/app/admin/orders/page.tsx(673,19): error TS17004: Cannot use JSX unless the '--jsx' flag is provided.
src/app/admin/orders/page.tsx(674,21): error TS17004: Cannot use JSX unless the '--jsx' flag is provided.
src/app/admin/orders/page.tsx(675,23): error TS17004: Cannot use JSX unless the '--jsx' flag is provided.
src/app/admin/orders/page.tsx(678,23): error TS17004: Cannot use JSX unless the '--jsx' flag is provided.
src/app/admin/orders/page.tsx(683,25): error TS17004: Cannot use JSX unless the '--jsx' flag is provided.
src/app/admin/orders/page.tsx(686,21): error TS17004: Cannot use JSX unless the '--jsx' flag is provided.
src/app/admin/orders/page.tsx(691,19): error TS17004: Cannot use JSX unless the '--jsx' flag is provided.
src/app/admin/orders/page.tsx(692,21): error TS17004: Cannot use JSX unless the '--jsx' flag is provided.
src/app/admin/orders/page.tsx(699,23): error TS17004: Cannot use JSX unless the '--jsx' flag is provided.
src/app/admin/orders/page.tsx(704,23): error TS17004: Cannot use JSX unless the '--jsx' flag is provided.
src/app/admin/orders/page.tsx(705,25): error TS17004: Cannot use JSX unless the '--jsx' flag is provided.
src/app/admin/orders/page.tsx(712,25): error TS17004: Cannot use JSX unless the '--jsx' flag is provided.
src/app/admin/orders/page.tsx(716,27): error TS17004: Cannot use JSX unless the '--jsx' flag is provided.
src/app/admin/orders/page.tsx(723,29): error TS17004: Cannot use JSX unless the '--jsx' flag is provided.
src/app/admin/orders/page.tsx(724,31): error TS17004: Cannot use JSX unless the '--jsx' flag is provided.
src/app/admin/orders/page.tsx(726,29): error TS17004: Cannot use JSX unless the '--jsx' flag is provided.
src/app/admin/orders/page.tsx(728,27): error TS17004: Cannot use JSX unless the '--jsx' flag is provided.
src/app/admin/orders/page.tsx(735,29): error TS17004: Cannot use JSX unless the '--jsx' flag is provided.
src/app/admin/orders/page.tsx(736,31): error TS17004: Cannot use JSX unless the '--jsx' flag is provided.
src/app/admin/orders/page.tsx(738,29): error TS17004: Cannot use JSX unless the '--jsx' flag is provided.
src/app/admin/orders/page.tsx(749,19): error TS17004: Cannot use JSX unless the '--jsx' flag is provided.
src/app/admin/orders/page.tsx(750,21): error TS17004: Cannot use JSX unless the '--jsx' flag is provided.
src/app/admin/orders/page.tsx(751,23): error TS17004: Cannot use JSX unless the '--jsx' flag is provided.
src/app/admin/orders/page.tsx(755,25): error TS17004: Cannot use JSX unless the '--jsx' flag is provided.
src/app/admin/orders/page.tsx(756,27): error TS17004: Cannot use JSX unless the '--jsx' flag is provided.
src/app/admin/orders/page.tsx(757,27): error TS17004: Cannot use JSX unless the '--jsx' flag is provided.
src/app/admin/orders/page.tsx(761,25): error TS17004: Cannot use JSX unless the '--jsx' flag is provided.
src/app/admin/orders/page.tsx(762,27): error TS17004: Cannot use JSX unless the '--jsx' flag is provided.
src/app/admin/orders/page.tsx(767,25): error TS17004: Cannot use JSX unless the '--jsx' flag is provided.
src/app/admin/orders/page.tsx(779,17): error TS17004: Cannot use JSX unless the '--jsx' flag is provided.
src/app/admin/orders/page.tsx(780,19): error TS17004: Cannot use JSX unless the '--jsx' flag is provided.
src/app/admin/orders/page.tsx(782,23): error TS17004: Cannot use JSX unless the '--jsx' flag is provided.
src/app/admin/orders/page.tsx(783,25): error TS17004: Cannot use JSX unless the '--jsx' flag is provided.
src/app/admin/orders/page.tsx(786,25): error TS17004: Cannot use JSX unless the '--jsx' flag is provided.
src/app/admin/orders/page.tsx(787,27): error TS17004: Cannot use JSX unless the '--jsx' flag is provided.
src/app/admin/orders/page.tsx(796,29): error TS17004: Cannot use JSX unless the '--jsx' flag is provided.
src/app/admin/orders/page.tsx(798,31): error TS17004: Cannot use JSX unless the '--jsx' flag is provided.
src/app/admin/orders/page.tsx(803,27): error TS17004: Cannot use JSX unless the '--jsx' flag is provided.
src/app/admin/orders/page.tsx(808,19): error TS17004: Cannot use JSX unless the '--jsx' flag is provided.
src/app/admin/orders/page.tsx(809,21): error TS17004: Cannot use JSX unless the '--jsx' flag is provided.
src/app/admin/orders/page.tsx(814,23): error TS17004: Cannot use JSX unless the '--jsx' flag is provided.
src/app/admin/orders/page.tsx(826,11): error TS17004: Cannot use JSX unless the '--jsx' flag is provided.
src/app/admin/orders/page.tsx(827,13): error TS17004: Cannot use JSX unless the '--jsx' flag is provided.
src/app/admin/orders/page.tsx(831,15): error TS17004: Cannot use JSX unless the '--jsx' flag is provided.
src/app/admin/orders/page.tsx(832,17): error TS17004: Cannot use JSX unless the '--jsx' flag is provided.
src/app/admin/orders/page.tsx(833,19): error TS17004: Cannot use JSX unless the '--jsx' flag is provided.
src/app/admin/orders/page.tsx(835,17): error TS17004: Cannot use JSX unless the '--jsx' flag is provided.
src/app/admin/orders/page.tsx(836,19): error TS17004: Cannot use JSX unless the '--jsx' flag is provided.
src/app/admin/orders/page.tsx(837,19): error TS17004: Cannot use JSX unless the '--jsx' flag is provided.
src/app/admin/orders/page.tsx(840,15): error TS17004: Cannot use JSX unless the '--jsx' flag is provided.
src/app/admin/orders/page.tsx(841,17): error TS17004: Cannot use JSX unless the '--jsx' flag is provided.
src/app/admin/orders/page.tsx(846,15): error TS17004: Cannot use JSX unless the '--jsx' flag is provided.
src/app/admin/orders/page.tsx(864,21): error TS17004: Cannot use JSX unless the '--jsx' flag is provided.
src/app/admin/orders/page.tsx(876,23): error TS17004: Cannot use JSX unless the '--jsx' flag is provided.
src/app/admin/orders/page.tsx(877,25): error TS17004: Cannot use JSX unless the '--jsx' flag is provided.
src/app/admin/orders/page.tsx(878,27): error TS17004: Cannot use JSX unless the '--jsx' flag is provided.
src/app/admin/orders/page.tsx(889,29): error TS17004: Cannot use JSX unless the '--jsx' flag is provided.
src/app/admin/orders/page.tsx(892,27): error TS17004: Cannot use JSX unless the '--jsx' flag is provided.
src/app/admin/orders/page.tsx(900,29): error TS17004: Cannot use JSX unless the '--jsx' flag is provided.
src/app/admin/orders/page.tsx(903,25): error TS17004: Cannot use JSX unless the '--jsx' flag is provided.
src/app/admin/orders/page.tsx(905,29): error TS17004: Cannot use JSX unless the '--jsx' flag is provided.
src/app/admin/orders/page.tsx(909,29): error TS17004: Cannot use JSX unless the '--jsx' flag is provided.
src/app/admin/orders/page.tsx(913,27): error TS17004: Cannot use JSX unless the '--jsx' flag is provided.
src/app/admin/orders/page.tsx(919,23): error TS17004: Cannot use JSX unless the '--jsx' flag is provided.
src/app/admin/orders/page.tsx(921,25): error TS17004: Cannot use JSX unless the '--jsx' flag is provided.
src/app/admin/orders/page.tsx(922,27): error TS17004: Cannot use JSX unless the '--jsx' flag is provided.
src/app/admin/orders/page.tsx(924,31): error TS17004: Cannot use JSX unless the '--jsx' flag is provided.
src/app/admin/orders/page.tsx(926,31): error TS17004: Cannot use JSX unless the '--jsx' flag is provided.
src/app/admin/orders/page.tsx(927,33): error TS17004: Cannot use JSX unless the '--jsx' flag is provided.
src/app/admin/orders/page.tsx(931,27): error TS17004: Cannot use JSX unless the '--jsx' flag is provided.
src/app/admin/orders/page.tsx(932,29): error TS17004: Cannot use JSX unless the '--jsx' flag is provided.
src/app/admin/orders/page.tsx(933,31): error TS17004: Cannot use JSX unless the '--jsx' flag is provided.
src/app/admin/orders/page.tsx(936,31): error TS17004: Cannot use JSX unless the '--jsx' flag is provided.
src/app/admin/orders/page.tsx(941,33): error TS17004: Cannot use JSX unless the '--jsx' flag is provided.
src/app/admin/orders/page.tsx(944,29): error TS17004: Cannot use JSX unless the '--jsx' flag is provided.
src/app/admin/orders/page.tsx(949,27): error TS17004: Cannot use JSX unless the '--jsx' flag is provided.
src/app/admin/orders/page.tsx(950,29): error TS17004: Cannot use JSX unless the '--jsx' flag is provided.
src/app/admin/orders/page.tsx(957,31): error TS17004: Cannot use JSX unless the '--jsx' flag is provided.
src/app/admin/orders/page.tsx(962,31): error TS17004: Cannot use JSX unless the '--jsx' flag is provided.
src/app/admin/orders/page.tsx(963,33): error TS17004: Cannot use JSX unless the '--jsx' flag is provided.
src/app/admin/orders/page.tsx(970,33): error TS17004: Cannot use JSX unless the '--jsx' flag is provided.
src/app/admin/orders/page.tsx(974,35): error TS17004: Cannot use JSX unless the '--jsx' flag is provided.
src/app/admin/orders/page.tsx(981,37): error TS17004: Cannot use JSX unless the '--jsx' flag is provided.
src/app/admin/orders/page.tsx(982,39): error TS17004: Cannot use JSX unless the '--jsx' flag is provided.
src/app/admin/orders/page.tsx(984,37): error TS17004: Cannot use JSX unless the '--jsx' flag is provided.
src/app/admin/orders/page.tsx(986,35): error TS17004: Cannot use JSX unless the '--jsx' flag is provided.
src/app/admin/orders/page.tsx(993,37): error TS17004: Cannot use JSX unless the '--jsx' flag is provided.
src/app/admin/orders/page.tsx(994,39): error TS17004: Cannot use JSX unless the '--jsx' flag is provided.
src/app/admin/orders/page.tsx(996,37): error TS17004: Cannot use JSX unless the '--jsx' flag is provided.
src/app/admin/orders/page.tsx(1006,27): error TS17004: Cannot use JSX unless the '--jsx' flag is provided.
src/app/admin/orders/page.tsx(1007,29): error TS17004: Cannot use JSX unless the '--jsx' flag is provided.
src/app/admin/orders/page.tsx(1008,31): error TS17004: Cannot use JSX unless the '--jsx' flag is provided.
src/app/admin/orders/page.tsx(1009,33): error TS17004: Cannot use JSX unless the '--jsx' flag is provided.
src/app/admin/orders/page.tsx(1010,33): error TS17004: Cannot use JSX unless the '--jsx' flag is provided.
src/app/admin/orders/page.tsx(1018,25): error TS17004: Cannot use JSX unless the '--jsx' flag is provided.
src/app/admin/orders/page.tsx(1019,27): error TS17004: Cannot use JSX unless the '--jsx' flag is provided.
src/app/admin/orders/page.tsx(1020,29): error TS17004: Cannot use JSX unless the '--jsx' flag is provided.
src/app/admin/orders/page.tsx(1021,31): error TS17004: Cannot use JSX unless the '--jsx' flag is provided.
src/app/admin/orders/page.tsx(1025,27): error TS17004: Cannot use JSX unless the '--jsx' flag is provided.
src/app/admin/orders/page.tsx(1026,29): error TS17004: Cannot use JSX unless the '--jsx' flag is provided.
src/app/admin/orders/page.tsx(1031,31): error TS17004: Cannot use JSX unless the '--jsx' flag is provided.
src/app/admin/orders/page.tsx(1046,7): error TS17004: Cannot use JSX unless the '--jsx' flag is provided.
src/app/admin/orders/page.tsx(1047,9): error TS17004: Cannot use JSX unless the '--jsx' flag is provided.
src/app/admin/orders/page.tsx(1048,11): error TS17004: Cannot use JSX unless the '--jsx' flag is provided.
src/app/admin/orders/page.tsx(1049,13): error TS17004: Cannot use JSX unless the '--jsx' flag is provided.
src/app/admin/orders/page.tsx(1050,15): error TS17004: Cannot use JSX unless the '--jsx' flag is provided.
src/app/admin/orders/page.tsx(1051,17): error TS17004: Cannot use JSX unless the '--jsx' flag is provided.
src/app/admin/orders/page.tsx(1052,17): error TS17004: Cannot use JSX unless the '--jsx' flag is provided.
src/app/admin/orders/page.tsx(1053,17): error TS17004: Cannot use JSX unless the '--jsx' flag is provided.
src/app/admin/orders/page.tsx(1054,17): error TS17004: Cannot use JSX unless the '--jsx' flag is provided.
src/app/admin/orders/page.tsx(1055,17): error TS17004: Cannot use JSX unless the '--jsx' flag is provided.
src/app/admin/orders/page.tsx(1056,17): error TS17004: Cannot use JSX unless the '--jsx' flag is provided.
src/app/admin/orders/page.tsx(1057,17): error TS17004: Cannot use JSX unless the '--jsx' flag is provided.
src/app/admin/orders/page.tsx(1058,17): error TS17004: Cannot use JSX unless the '--jsx' flag is provided.
src/app/admin/orders/page.tsx(1059,17): error TS17004: Cannot use JSX unless the '--jsx' flag is provided.
src/app/admin/orders/page.tsx(1062,13): error TS17004: Cannot use JSX unless the '--jsx' flag is provided.
src/app/admin/orders/page.tsx(1068,19): error TS17004: Cannot use JSX unless the '--jsx' flag is provided.
src/app/admin/orders/page.tsx(1069,21): error TS17004: Cannot use JSX unless the '--jsx' flag is provided.
src/app/admin/orders/page.tsx(1070,23): error TS17004: Cannot use JSX unless the '--jsx' flag is provided.
src/app/admin/orders/page.tsx(1071,23): error TS17004: Cannot use JSX unless the '--jsx' flag is provided.
src/app/admin/orders/page.tsx(1077,21): error TS17004: Cannot use JSX unless the '--jsx' flag is provided.
src/app/admin/orders/page.tsx(1078,23): error TS17004: Cannot use JSX unless the '--jsx' flag is provided.
src/app/admin/orders/page.tsx(1079,25): error TS17004: Cannot use JSX unless the '--jsx' flag is provided.
src/app/admin/orders/page.tsx(1081,25): error TS17004: Cannot use JSX unless the '--jsx' flag is provided.
src/app/admin/orders/page.tsx(1086,27): error TS17004: Cannot use JSX unless the '--jsx' flag is provided.
src/app/admin/orders/page.tsx(1090,21): error TS17004: Cannot use JSX unless the '--jsx' flag is provided.
src/app/admin/orders/page.tsx(1091,23): error TS17004: Cannot use JSX unless the '--jsx' flag is provided.
src/app/admin/orders/page.tsx(1092,25): error TS17004: Cannot use JSX unless the '--jsx' flag is provided.
src/app/admin/orders/page.tsx(1094,29): error TS17004: Cannot use JSX unless the '--jsx' flag is provided.
src/app/admin/orders/page.tsx(1096,29): error TS17004: Cannot use JSX unless the '--jsx' flag is provided.
src/app/admin/orders/page.tsx(1097,31): error TS17004: Cannot use JSX unless the '--jsx' flag is provided.
src/app/admin/orders/page.tsx(1101,25): error TS17004: Cannot use JSX unless the '--jsx' flag is provided.
src/app/admin/orders/page.tsx(1104,21): error TS17004: Cannot use JSX unless the '--jsx' flag is provided.
src/app/admin/orders/page.tsx(1106,25): error TS17004: Cannot use JSX unless the '--jsx' flag is provided.
src/app/admin/orders/page.tsx(1107,27): error TS17004: Cannot use JSX unless the '--jsx' flag is provided.
src/app/admin/orders/page.tsx(1111,29): error TS17004: Cannot use JSX unless the '--jsx' flag is provided.
src/app/admin/orders/page.tsx(1112,31): error TS17004: Cannot use JSX unless the '--jsx' flag is provided.
src/app/admin/orders/page.tsx(1121,25): error TS17004: Cannot use JSX unless the '--jsx' flag is provided.
src/app/admin/orders/page.tsx(1126,21): error TS17004: Cannot use JSX unless the '--jsx' flag is provided.
src/app/admin/orders/page.tsx(1127,23): error TS17004: Cannot use JSX unless the '--jsx' flag is provided.
src/app/admin/orders/page.tsx(1129,21): error TS17004: Cannot use JSX unless the '--jsx' flag is provided.
src/app/admin/orders/page.tsx(1130,23): error TS17004: Cannot use JSX unless the '--jsx' flag is provided.
src/app/admin/orders/page.tsx(1131,25): error TS17004: Cannot use JSX unless the '--jsx' flag is provided.
src/app/admin/orders/page.tsx(1134,27): error TS17004: Cannot use JSX unless the '--jsx' flag is provided.
src/app/admin/orders/page.tsx(1140,25): error TS17004: Cannot use JSX unless the '--jsx' flag is provided.
src/app/admin/orders/page.tsx(1151,27): error TS17004: Cannot use JSX unless the '--jsx' flag is provided.
src/app/admin/orders/page.tsx(1154,27): error TS17004: Cannot use JSX unless the '--jsx' flag is provided.
src/app/admin/orders/page.tsx(1162,29): error TS17004: Cannot use JSX unless the '--jsx' flag is provided.
src/app/admin/orders/page.tsx(1167,21): error TS17004: Cannot use JSX unless the '--jsx' flag is provided.
src/app/admin/orders/page.tsx(1172,29): error TS17004: Cannot use JSX unless the '--jsx' flag is provided.
src/app/admin/orders/page.tsx(1178,27): error TS17004: Cannot use JSX unless the '--jsx' flag is provided.
src/app/admin/orders/page.tsx(1186,21): error TS17004: Cannot use JSX unless the '--jsx' flag is provided.
src/app/admin/orders/page.tsx(1187,23): error TS17004: Cannot use JSX unless the '--jsx' flag is provided.
src/app/admin/orders/page.tsx(1188,25): error TS17004: Cannot use JSX unless the '--jsx' flag is provided.
src/app/admin/orders/page.tsx(1194,29): error TS17004: Cannot use JSX unless the '--jsx' flag is provided.
src/app/admin/orders/page.tsx(1200,27): error TS17004: Cannot use JSX unless the '--jsx' flag is provided.
src/app/admin/orders/page.tsx(1201,29): error TS17004: Cannot use JSX unless the '--jsx' flag is provided.
src/app/admin/orders/page.tsx(1205,29): error TS17004: Cannot use JSX unless the '--jsx' flag is provided.
src/app/admin/orders/page.tsx(1206,31): error TS17004: Cannot use JSX unless the '--jsx' flag is provided.
src/app/admin/orders/page.tsx(1213,33): error TS17004: Cannot use JSX unless the '--jsx' flag is provided.
src/app/admin/orders/page.tsx(1216,31): error TS17004: Cannot use JSX unless the '--jsx' flag is provided.
src/app/admin/orders/page.tsx(1223,33): error TS17004: Cannot use JSX unless the '--jsx' flag is provided.
src/app/admin/orders/page.tsx(1231,21): error TS17004: Cannot use JSX unless the '--jsx' flag is provided.
src/app/admin/orders/page.tsx(1232,23): error TS17004: Cannot use JSX unless the '--jsx' flag is provided.
src/app/admin/orders/page.tsx(1233,25): error TS17004: Cannot use JSX unless the '--jsx' flag is provided.
src/app/admin/orders/page.tsx(1238,27): error TS17004: Cannot use JSX unless the '--jsx' flag is provided.
src/app/admin/orders/page.tsx(1251,9): error TS17004: Cannot use JSX unless the '--jsx' flag is provided.
src/app/admin/orders/page.tsx(1252,11): error TS17004: Cannot use JSX unless the '--jsx' flag is provided.
src/app/admin/orders/page.tsx(1253,11): error TS17004: Cannot use JSX unless the '--jsx' flag is provided.
src/app/admin/orders/page.tsx(1259,9): error TS17004: Cannot use JSX unless the '--jsx' flag is provided.
src/app/admin/orders/page.tsx(1263,11): error TS17004: Cannot use JSX unless the '--jsx' flag is provided.
src/app/admin/orders/page.tsx(1267,13): error TS17004: Cannot use JSX unless the '--jsx' flag is provided.
src/app/admin/orders/page.tsx(1269,15): error TS17004: Cannot use JSX unless the '--jsx' flag is provided.
src/app/admin/orders/page.tsx(1270,17): error TS17004: Cannot use JSX unless the '--jsx' flag is provided.
src/app/admin/orders/page.tsx(1271,19): error TS17004: Cannot use JSX unless the '--jsx' flag is provided.
src/app/admin/orders/page.tsx(1274,17): error TS17004: Cannot use JSX unless the '--jsx' flag is provided.
src/app/admin/orders/page.tsx(1278,19): error TS17004: Cannot use JSX unless the '--jsx' flag is provided.
src/app/admin/orders/page.tsx(1283,15): error TS17004: Cannot use JSX unless the '--jsx' flag is provided.
src/app/admin/orders/page.tsx(1284,17): error TS17004: Cannot use JSX unless the '--jsx' flag is provided.
src/app/admin/orders/page.tsx(1285,19): error TS17004: Cannot use JSX unless the '--jsx' flag is provided.
src/app/admin/orders/page.tsx(1286,19): error TS17004: Cannot use JSX unless the '--jsx' flag is provided.
src/app/admin/orders/page.tsx(1289,19): error TS17004: Cannot use JSX unless the '--jsx' flag is provided.
src/app/admin/orders/page.tsx(1290,28): error TS17004: Cannot use JSX unless the '--jsx' flag is provided.
src/app/admin/orders/page.tsx(1298,19): error TS17004: Cannot use JSX unless the '--jsx' flag is provided.
src/app/admin/orders/page.tsx(1299,21): error TS17004: Cannot use JSX unless the '--jsx' flag is provided.
src/app/admin/orders/page.tsx(1305,23): error TS17004: Cannot use JSX unless the '--jsx' flag is provided.
src/app/admin/orders/page.tsx(1310,23): error TS17004: Cannot use JSX unless the '--jsx' flag is provided.
src/app/admin/orders/page.tsx(1311,25): error TS17004: Cannot use JSX unless the '--jsx' flag is provided.
src/app/admin/orders/page.tsx(1314,21): error TS17004: Cannot use JSX unless the '--jsx' flag is provided.
src/app/admin/orders/page.tsx(1320,15): error TS17004: Cannot use JSX unless the '--jsx' flag is provided.
src/app/admin/orders/page.tsx(1321,17): error TS17004: Cannot use JSX unless the '--jsx' flag is provided.
src/app/admin/orders/page.tsx(1322,19): error TS17004: Cannot use JSX unless the '--jsx' flag is provided.
src/app/admin/orders/page.tsx(1325,19): error TS17004: Cannot use JSX unless the '--jsx' flag is provided.
src/app/admin/orders/page.tsx(1331,23): error TS17004: Cannot use JSX unless the '--jsx' flag is provided.
src/app/admin/orders/page.tsx(1338,25): error TS17004: Cannot use JSX unless the '--jsx' flag is provided.
src/app/admin/orders/page.tsx(1352,25): error TS17004: Cannot use JSX unless the '--jsx' flag is provided.
src/app/admin/orders/page.tsx(1353,27): error TS17004: Cannot use JSX unless the '--jsx' flag is provided.
src/app/admin/orders/page.tsx(1362,17): error TS17004: Cannot use JSX unless the '--jsx' flag is provided.
src/app/admin/orders/page.tsx(1363,19): error TS17004: Cannot use JSX unless the '--jsx' flag is provided.
src/app/admin/orders/page.tsx(1366,19): error TS17004: Cannot use JSX unless the '--jsx' flag is provided.
src/app/admin/orders/page.tsx(1374,21): error TS17004: Cannot use JSX unless the '--jsx' flag is provided.
src/app/admin/orders/page.tsx(1375,21): error TS17004: Cannot use JSX unless the '--jsx' flag is provided.
src/app/admin/orders/page.tsx(1376,21): error TS17004: Cannot use JSX unless the '--jsx' flag is provided.
src/app/admin/orders/page.tsx(1377,21): error TS17004: Cannot use JSX unless the '--jsx' flag is provided.
src/app/admin/orders/page.tsx(1383,19): error TS17004: Cannot use JSX unless the '--jsx' flag is provided.
src/app/admin/orders/page.tsx(1384,21): error TS17004: Cannot use JSX unless the '--jsx' flag is provided.
src/app/admin/orders/page.tsx(1387,21): error TS17004: Cannot use JSX unless the '--jsx' flag is provided.
src/app/admin/orders/page.tsx(1388,23): error TS17004: Cannot use JSX unless the '--jsx' flag is provided.
src/app/admin/orders/page.tsx(1389,25): error TS17004: Cannot use JSX unless the '--jsx' flag is provided.
src/app/admin/orders/page.tsx(1390,25): error TS17004: Cannot use JSX unless the '--jsx' flag is provided.
src/app/admin/orders/page.tsx(1391,27): error TS17004: Cannot use JSX unless the '--jsx' flag is provided.
src/app/admin/orders/page.tsx(1392,27): error TS17004: Cannot use JSX unless the '--jsx' flag is provided.
src/app/admin/orders/page.tsx(1410,23): error TS17004: Cannot use JSX unless the '--jsx' flag is provided.
src/app/admin/orders/page.tsx(1411,25): error TS17004: Cannot use JSX unless the '--jsx' flag is provided.
src/app/admin/orders/page.tsx(1412,25): error TS17004: Cannot use JSX unless the '--jsx' flag is provided.
src/app/admin/orders/page.tsx(1413,27): error TS17004: Cannot use JSX unless the '--jsx' flag is provided.
src/app/admin/orders/page.tsx(1414,27): error TS17004: Cannot use JSX unless the '--jsx' flag is provided.
src/app/admin/orders/page.tsx(1438,15): error TS17004: Cannot use JSX unless the '--jsx' flag is provided.
src/app/admin/orders/page.tsx(1439,17): error TS17004: Cannot use JSX unless the '--jsx' flag is provided.
src/app/admin/orders/page.tsx(1448,17): error TS17004: Cannot use JSX unless the '--jsx' flag is provided.
src/app/admin/orders/page.tsx(1462,9): error TS17004: Cannot use JSX unless the '--jsx' flag is provided.
src/app/admin/orders/page.tsx(1466,11): error TS17004: Cannot use JSX unless the '--jsx' flag is provided.
src/app/admin/orders/page.tsx(1471,13): error TS17004: Cannot use JSX unless the '--jsx' flag is provided.
src/app/admin/orders/page.tsx(1472,15): error TS17004: Cannot use JSX unless the '--jsx' flag is provided.
src/app/admin/orders/page.tsx(1473,17): error TS17004: Cannot use JSX unless the '--jsx' flag is provided.
src/app/admin/orders/page.tsx(1474,19): error TS17004: Cannot use JSX unless the '--jsx' flag is provided.
src/app/admin/orders/page.tsx(1477,17): error TS17004: Cannot use JSX unless the '--jsx' flag is provided.
src/app/admin/orders/page.tsx(1478,59): error TS17004: Cannot use JSX unless the '--jsx' flag is provided.
src/app/admin/orders/page.tsx(1481,15): error TS17004: Cannot use JSX unless the '--jsx' flag is provided.
src/app/admin/orders/page.tsx(1482,17): error TS17004: Cannot use JSX unless the '--jsx' flag is provided.
src/app/admin/orders/page.tsx(1486,19): error TS17004: Cannot use JSX unless the '--jsx' flag is provided.
src/app/admin/orders/page.tsx(1489,17): error TS17004: Cannot use JSX unless the '--jsx' flag is provided.
src/app/admin/orders/page.tsx(1493,19): error TS17004: Cannot use JSX unless the '--jsx' flag is provided.
src/app/admin/orders/page.tsx(1496,17): error TS17004: Cannot use JSX unless the '--jsx' flag is provided.
src/app/admin/orders/page.tsx(1500,19): error TS17004: Cannot use JSX unless the '--jsx' flag is provided.
src/app/admin/orders/page.tsx(1506,13): error TS17004: Cannot use JSX unless the '--jsx' flag is provided.
src/app/admin/orders/page.tsx(1507,15): error TS17004: Cannot use JSX unless the '--jsx' flag is provided.
src/app/admin/orders/page.tsx(1515,13): error TS17004: Cannot use JSX unless the '--jsx' flag is provided.
src/app/admin/orders/page.tsx(1516,15): error TS17004: Cannot use JSX unless the '--jsx' flag is provided.
src/app/admin/orders/page.tsx(1525,7): error TS17004: Cannot use JSX unless the '--jsx' flag is provided.
